
> frontend@0.0.0 build
> tsc -b && vite build

src/components/ErrorRecoveryDashboard/ErrorRecoveryDashboard.tsx(19,5): error TS1128: Declaration or statement expected.
src/components/ErrorRecoveryDashboard/ErrorRecoveryDashboard.tsx(19,6): error TS1128: Declaration or statement expected.
src/components/ErrorRecoveryDashboard/ErrorRecoveryDashboard.tsx(19,12): error TS1005: ';' expected.
src/components/ErrorRecoveryDashboard/ErrorRecoveryDashboard.tsx(22,3): error TS1128: Declaration or statement expected.
src/components/ErrorRecoveryDashboard/ErrorRecoveryDashboard.tsx(22,4): error TS1128: Declaration or statement expected.
src/components/ErrorRecoveryDashboard/ErrorRecoveryDashboard.tsx(22,8): error TS1005: ';' expected.
src/components/ErrorRecoveryDashboard/ErrorRecoveryDashboard.tsx(196,12): error TS17008: JSX element 'div' has no corresponding closing tag.
src/components/ErrorRecoveryDashboard/ErrorRecoveryDashboard.tsx(234,1): error TS1128: Declaration or statement expected.
